iVBORw0KGgoAAAANSUhEUgAAAAEAAAABCAQAAAC1HAwCAAAAC0lEQVR42mP8/woAAgMBgA19WfkAAAAASUVORK5CYII=
